// Jest Snapshot v1, https://goo.gl/fbAQLP

exports[`Character should match snapshot 1`] = `ShallowWrapper {}`;
