// Jest Snapshot v1, https://goo.gl/fbAQLP

exports[`Episode should match snapshot 1`] = `ShallowWrapper {}`;
